[{"Config":"blobs/sha256/3fa7d886eb9059a0d64e421f48d6144cb45d33a102e405fafe58c99df13583f9","RepoTags":["test-repo-1:latest"],"Layers":null}]